0 verbose cli C:\Program Files\nodejs\node.exe C:\Program Files\nodejs\node_modules\npm\bin\npm-cli.js
1 info using npm@10.9.2
2 info using node@v22.14.0
3 silly config load:file:C:\Program Files\nodejs\node_modules\npm\npmrc
4 silly config load:file:E:\House\backend\.npmrc
5 silly config load:file:C:\Users\HP\.npmrc
6 silly config load:file:E:\House\backend\.npm-global\etc\npmrc
7 verbose title npm install multer
8 verbose argv "install" "multer"
9 verbose logfile logs-max:10 dir:E:\House\backend\.npm-cache\_logs\2026-08-05T14_58_10_145Z-
10 verbose logfile E:\House\backend\.npm-cache\_logs\2026-08-05T14_58_10_145Z-debug-0.log
11 silly logfile done cleaning log files
12 silly packumentCache heap:2197815296 maxSize:549453824 maxEntrySize:274726912
13 silly idealTree buildDeps
14 silly fetch manifest multer@*
15 silly packumentCache full:https://registry.npmjs.org/multer cache-miss
16 http fetch GET 200 https://registry.npmjs.org/multer 566ms (cache miss)
17 silly packumentCache full:https://registry.npmjs.org/multer set size:undefined disposed:false
18 silly placeDep ROOT multer@2.2.0 OK for: home-rent-backend@1.0.0 want: *
19 silly fetch manifest append-field@^1.0.0
20 silly packumentCache full:https://registry.npmjs.org/append-field cache-miss
21 silly fetch manifest busboy@^1.6.0
22 silly packumentCache full:https://registry.npmjs.org/busboy cache-miss
23 silly fetch manifest concat-stream@^2.0.0
24 silly packumentCache full:https://registry.npmjs.org/concat-stream cache-miss
25 http fetch GET 200 https://registry.npmjs.org/concat-stream 318ms (cache miss)
26 silly packumentCache full:https://registry.npmjs.org/concat-stream set size:undefined disposed:false
27 http fetch GET 200 https://registry.npmjs.org/busboy 326ms (cache miss)
28 silly packumentCache full:https://registry.npmjs.org/busboy set size:undefined disposed:false
29 http fetch GET 200 https://registry.npmjs.org/append-field 343ms (cache miss)
30 silly packumentCache full:https://registry.npmjs.org/append-field set size:undefined disposed:false
31 silly placeDep ROOT append-field@1.0.0 OK for: multer@2.2.0 want: ^1.0.0
32 silly placeDep ROOT busboy@1.6.0 OK for: multer@2.2.0 want: ^1.6.0
33 silly placeDep ROOT concat-stream@2.0.0 OK for: multer@2.2.0 want: ^2.0.0
34 silly fetch manifest streamsearch@^1.1.0
35 silly packumentCache full:https://registry.npmjs.org/streamsearch cache-miss
36 silly fetch manifest buffer-from@^1.0.0
37 silly packumentCache full:https://registry.npmjs.org/buffer-from cache-miss
38 silly fetch manifest readable-stream@^3.0.2
39 silly packumentCache full:https://registry.npmjs.org/readable-stream cache-miss
40 silly fetch manifest typedarray@^0.0.6
41 silly packumentCache full:https://registry.npmjs.org/typedarray cache-miss
42 http fetch GET 200 https://registry.npmjs.org/streamsearch 135ms (cache miss)
43 silly packumentCache full:https://registry.npmjs.org/streamsearch set size:undefined disposed:false
44 http fetch GET 200 https://registry.npmjs.org/buffer-from 138ms (cache miss)
45 silly packumentCache full:https://registry.npmjs.org/buffer-from set size:undefined disposed:false
46 http fetch GET 200 https://registry.npmjs.org/readable-stream 149ms (cache miss)
47 silly packumentCache full:https://registry.npmjs.org/readable-stream set size:undefined disposed:false
48 http fetch GET 200 https://registry.npmjs.org/typedarray 333ms (cache miss)
49 silly packumentCache full:https://registry.npmjs.org/typedarray set size:undefined disposed:false
50 silly placeDep ROOT streamsearch@1.1.0 OK for: busboy@1.6.0 want: ^1.1.0
51 silly placeDep ROOT buffer-from@1.1.2 OK for: concat-stream@2.0.0 want: ^1.0.0
52 silly placeDep ROOT readable-stream@3.6.2 OK for: concat-stream@2.0.0 want: ^3.0.2
53 silly placeDep ROOT typedarray@0.0.6 OK for: concat-stream@2.0.0 want: ^0.0.6
54 silly fetch manifest string_decoder@^1.1.1
55 silly packumentCache full:https://registry.npmjs.org/string_decoder cache-miss
56 silly fetch manifest util-deprecate@^1.0.1
57 silly packumentCache full:https://registry.npmjs.org/util-deprecate cache-miss
58 http fetch GET 200 https://registry.npmjs.org/util-deprecate 126ms (cache miss)
59 silly packumentCache full:https://registry.npmjs.org/util-deprecate set size:undefined disposed:false
60 http fetch GET 200 https://registry.npmjs.org/string_decoder 140ms (cache miss)
61 silly packumentCache full:https://registry.npmjs.org/string_decoder set size:undefined disposed:false
62 silly placeDep ROOT string_decoder@1.3.0 OK for: readable-stream@3.6.2 want: ^1.1.1
63 silly placeDep ROOT util-deprecate@1.0.2 OK for: readable-stream@3.6.2 want: ^1.0.1
64 silly reify moves {}
65 silly audit bulk request {
65 silly audit   '@mongodb-js/saslprep': [ '1.4.13' ],
65 silly audit   '@types/webidl-conversions': [ '7.0.3' ],
65 silly audit   '@types/whatwg-url': [ '11.0.5' ],
65 silly audit   accepts: [ '1.3.8' ],
65 silly audit   anymatch: [ '3.1.3' ],
65 silly audit   'array-flatten': [ '1.1.1' ],
65 silly audit   'balanced-match': [ '4.0.4' ],
65 silly audit   'binary-extensions': [ '2.3.0' ],
65 silly audit   'body-parser': [ '1.20.6' ],
65 silly audit   'brace-expansion': [ '5.0.9' ],
65 silly audit   braces: [ '3.0.3' ],
65 silly audit   bson: [ '6.10.4' ],
65 silly audit   bytes: [ '3.1.2' ],
65 silly audit   'call-bind-apply-helpers': [ '1.0.2' ],
65 silly audit   'call-bound': [ '1.0.4' ],
65 silly audit   chokidar: [ '3.6.0' ],
65 silly audit   'content-disposition': [ '0.5.4' ],
65 silly audit   'content-type': [ '1.0.5' ],
65 silly audit   cookie: [ '0.7.2' ],
65 silly audit   'cookie-signature': [ '1.0.7' ],
65 silly audit   cors: [ '2.8.6' ],
65 silly audit   debug: [ '2.6.9', '4.4.3' ],
65 silly audit   depd: [ '2.0.0' ],
65 silly audit   destroy: [ '1.2.0' ],
65 silly audit   dotenv: [ '16.6.1' ],
65 silly audit   'dunder-proto': [ '1.0.1' ],
65 silly audit   'ee-first': [ '1.1.1' ],
65 silly audit   encodeurl: [ '2.0.0' ],
65 silly audit   'es-define-property': [ '1.0.1' ],
65 silly audit   'es-errors': [ '1.3.0' ],
65 silly audit   'es-object-atoms': [ '1.1.2' ],
65 silly audit   'escape-html': [ '1.0.3' ],
65 silly audit   etag: [ '1.8.1' ],
65 silly audit   express: [ '4.22.2' ],
65 silly audit   'fill-range': [ '7.1.1' ],
65 silly audit   finalhandler: [ '1.3.2' ],
65 silly audit   forwarded: [ '0.2.0' ],
65 silly audit   fresh: [ '0.5.2' ],
65 silly audit   fsevents: [ '2.3.3' ],
65 silly audit   'function-bind': [ '1.1.2' ],
65 silly audit   'get-intrinsic': [ '1.3.0' ],
65 silly audit   'get-proto': [ '1.0.1' ],
65 silly audit   'glob-parent': [ '5.1.2' ],
65 silly audit   gopd: [ '1.2.0' ],
65 silly audit   'has-flag': [ '3.0.0' ],
65 silly audit   'has-symbols': [ '1.1.0' ],
65 silly audit   hasown: [ '2.0.4' ],
65 silly audit   'http-errors': [ '2.0.1' ],
65 silly audit   'iconv-lite': [ '0.4.24' ],
65 silly audit   'ignore-by-default': [ '1.0.1' ],
65 silly audit   inherits: [ '2.0.4' ],
65 silly audit   'ipaddr.js': [ '1.9.1' ],
65 silly audit   'is-binary-path': [ '2.1.0' ],
65 silly audit   'is-extglob': [ '2.1.1' ],
65 silly audit   'is-glob': [ '4.0.3' ],
65 silly audit   'is-number': [ '7.0.0' ],
65 silly audit   kareem: [ '2.6.3' ],
65 silly audit   'math-intrinsics': [ '1.1.0' ],
65 silly audit   'media-typer': [ '0.3.0' ],
65 silly audit   'memory-pager': [ '1.5.0' ],
65 silly audit   'merge-descriptors': [ '1.0.3' ],
65 silly audit   methods: [ '1.1.2' ],
65 silly audit   mime: [ '1.6.0' ],
65 silly audit   'mime-db': [ '1.52.0' ],
65 silly audit   'mime-types': [ '2.1.35' ],
65 silly audit   minimatch: [ '10.2.6' ],
65 silly audit   mongodb: [ '6.20.0' ],
65 silly audit   'mongodb-connection-string-url': [ '3.0.2' ],
65 silly audit   mongoose: [ '8.24.2' ],
65 silly audit   ms: [ '2.1.3', '2.0.0' ],
65 silly audit   mpath: [ '0.9.0' ],
65 silly audit   mquery: [ '5.0.0' ],
65 silly audit   negotiator: [ '0.6.3' ],
65 silly audit   nodemon: [ '3.1.14' ],
65 silly audit   'normalize-path': [ '3.0.0' ],
65 silly audit   'object-assign': [ '4.1.1' ],
65 silly audit   'object-inspect': [ '1.13.4' ],
65 silly audit   'on-finished': [ '2.4.1' ],
65 silly audit   parseurl: [ '1.3.3' ],
65 silly audit   'path-to-regexp': [ '0.1.13' ],
65 silly audit   picomatch: [ '2.3.2' ],
65 silly audit   'proxy-addr': [ '2.0.7' ],
65 silly audit   'pstree.remy': [ '1.1.8' ],
65 silly audit   punycode: [ '2.3.1' ],
65 silly audit   qs: [ '6.15.3' ],
65 silly audit   'range-parser': [ '1.2.1' ],
65 silly audit   'raw-body': [ '2.5.3' ],
65 silly audit   readdirp: [ '3.6.0' ],
65 silly audit   'safe-buffer': [ '5.2.1' ],
65 silly audit   'safer-buffer': [ '2.1.2' ],
65 silly audit   semver: [ '7.8.5' ],
65 silly audit   send: [ '0.19.2' ],
65 silly audit   'serve-static': [ '1.16.3' ],
65 silly audit   setprototypeof: [ '1.2.0' ],
65 silly audit   'side-channel': [ '1.1.1' ],
65 silly audit   'side-channel-list': [ '1.0.1' ],
65 silly audit   'side-channel-map': [ '1.0.1' ],
65 silly audit   'side-channel-weakmap': [ '1.0.2' ],
65 silly audit   sift: [ '17.1.3' ],
65 silly audit   'simple-update-notifier': [ '2.0.0' ],
65 silly audit   'sparse-bitfield': [ '3.0.3' ],
65 silly audit   statuses: [ '2.0.2' ],
65 silly audit   'supports-color': [ '5.5.0' ],
65 silly audit   'to-regex-range': [ '5.0.1' ],
65 silly audit   toidentifier: [ '1.0.1' ],
65 silly audit   touch: [ '3.1.1' ],
65 silly audit   tr46: [ '5.1.1' ],
65 silly audit   'type-is': [ '1.6.18' ],
65 silly audit   undefsafe: [ '2.0.5' ],
65 silly audit   unpipe: [ '1.0.0' ],
65 silly audit   'utils-merge': [ '1.0.1' ],
65 silly audit   vary: [ '1.1.2' ],
65 silly audit   'webidl-conversions': [ '7.0.0' ],
65 silly audit   'whatwg-url': [ '14.2.0' ],
65 silly audit   multer: [ '2.2.0' ],
65 silly audit   'append-field': [ '1.0.0' ],
65 silly audit   busboy: [ '1.6.0' ],
65 silly audit   'concat-stream': [ '2.0.0' ],
65 silly audit   streamsearch: [ '1.1.0' ],
65 silly audit   'buffer-from': [ '1.1.2' ],
65 silly audit   'readable-stream': [ '3.6.2' ],
65 silly audit   typedarray: [ '0.0.6' ],
65 silly audit   string_decoder: [ '1.3.0' ],
65 silly audit   'util-deprecate': [ '1.0.2' ]
65 silly audit }
66 verbose reify failed optional dependency E:\House\backend\node_modules\fsevents
67 silly reify mark deleted [ 'E:\\House\\backend\\node_modules\\fsevents' ]
68 http cache util-deprecate@https://registry.npmjs.org/util-deprecate/-/util-deprecate-1.0.2.tgz 1ms (cache hit)
69 http cache string_decoder@https://registry.npmjs.org/string_decoder/-/string_decoder-1.3.0.tgz 0ms (cache hit)
70 http cache readable-stream@https://registry.npmjs.org/readable-stream/-/readable-stream-3.6.2.tgz 0ms (cache hit)
71 http cache typedarray@https://registry.npmjs.org/typedarray/-/typedarray-0.0.6.tgz 0ms (cache hit)
72 http cache buffer-from@https://registry.npmjs.org/buffer-from/-/buffer-from-1.1.2.tgz 0ms (cache hit)
73 http cache concat-stream@https://registry.npmjs.org/concat-stream/-/concat-stream-2.0.0.tgz 0ms (cache hit)
74 silly tarball no local data for util-deprecate@https://registry.npmjs.org/util-deprecate/-/util-deprecate-1.0.2.tgz. Extracting by manifest.
75 silly tarball no local data for string_decoder@https://registry.npmjs.org/string_decoder/-/string_decoder-1.3.0.tgz. Extracting by manifest.
76 silly tarball no local data for typedarray@https://registry.npmjs.org/typedarray/-/typedarray-0.0.6.tgz. Extracting by manifest.
77 silly tarball no local data for readable-stream@https://registry.npmjs.org/readable-stream/-/readable-stream-3.6.2.tgz. Extracting by manifest.
78 silly tarball no local data for buffer-from@https://registry.npmjs.org/buffer-from/-/buffer-from-1.1.2.tgz. Extracting by manifest.
79 silly tarball no local data for concat-stream@https://registry.npmjs.org/concat-stream/-/concat-stream-2.0.0.tgz. Extracting by manifest.
80 http cache multer@https://registry.npmjs.org/multer/-/multer-2.2.0.tgz 0ms (cache hit)
81 http cache streamsearch@https://registry.npmjs.org/streamsearch/-/streamsearch-1.1.0.tgz 0ms (cache hit)
82 http cache append-field@https://registry.npmjs.org/append-field/-/append-field-1.0.0.tgz 1ms (cache hit)
83 http cache busboy@https://registry.npmjs.org/busboy/-/busboy-1.6.0.tgz 0ms (cache hit)
84 silly tarball no local data for multer@https://registry.npmjs.org/multer/-/multer-2.2.0.tgz. Extracting by manifest.
85 silly tarball no local data for streamsearch@https://registry.npmjs.org/streamsearch/-/streamsearch-1.1.0.tgz. Extracting by manifest.
86 silly tarball no local data for append-field@https://registry.npmjs.org/append-field/-/append-field-1.0.0.tgz. Extracting by manifest.
87 silly tarball no local data for busboy@https://registry.npmjs.org/busboy/-/busboy-1.6.0.tgz. Extracting by manifest.
88 http fetch GET 200 https://registry.npmjs.org/util-deprecate/-/util-deprecate-1.0.2.tgz 231ms (cache miss)
89 http fetch GET 200 https://registry.npmjs.org/string_decoder/-/string_decoder-1.3.0.tgz 244ms (cache miss)
90 http fetch GET 200 https://registry.npmjs.org/typedarray/-/typedarray-0.0.6.tgz 293ms (cache miss)
91 http fetch POST 200 https://registry.npmjs.org/-/npm/v1/security/advisories/bulk 359ms
92 silly audit report {}
93 http fetch GET 200 https://registry.npmjs.org/buffer-from/-/buffer-from-1.1.2.tgz 416ms (cache miss)
94 http fetch GET 200 https://registry.npmjs.org/concat-stream/-/concat-stream-2.0.0.tgz 419ms (cache miss)
95 http fetch GET 200 https://registry.npmjs.org/append-field/-/append-field-1.0.0.tgz 441ms (cache miss)
96 http fetch GET 200 https://registry.npmjs.org/streamsearch/-/streamsearch-1.1.0.tgz 472ms (cache miss)
97 http fetch GET 200 https://registry.npmjs.org/multer/-/multer-2.2.0.tgz 516ms (cache miss)
98 http fetch GET 200 https://registry.npmjs.org/busboy/-/busboy-1.6.0.tgz 605ms (cache miss)
99 http fetch GET 200 https://registry.npmjs.org/readable-stream/-/readable-stream-3.6.2.tgz 648ms (cache miss)
100 silly ADD node_modules/util-deprecate
101 silly ADD node_modules/string_decoder
102 silly ADD node_modules/typedarray
103 silly ADD node_modules/readable-stream
104 silly ADD node_modules/buffer-from
105 silly ADD node_modules/streamsearch
106 silly ADD node_modules/concat-stream
107 silly ADD node_modules/busboy
108 silly ADD node_modules/append-field
109 silly ADD node_modules/multer
110 silly ADD
111 verbose cwd E:\House\backend
112 verbose os Windows_NT 10.0.26200
113 verbose node v22.14.0
114 verbose npm  v10.9.2
115 verbose exit 0
116 info ok
